.env.local loaded
Testing Supabase Connection...
URL: Set
Key: Set
Environment check:
fetch available: true
Attempting to connect to Supabase...
1. Testing Auth Connection (getSession)...
Auth Connection Successful. Session exists: false
2. Testing Database Connection (donors table)...
Database request finished with error: 
Error details: {
  "message": ""
}
